// Jest Snapshot v1, https://goo.gl/fbAQLP

exports[`Test suit for SudokuComponent render correctly mount 1`] = `
<div
  className="sudoku-numbers"
>
  <div
    className="Table-Line"
  >
    <table
      className="Table"
    >
      <tbody>
        <tr>
          <td
            className="td"
          >
             
            <button
              className="ElementSelected"
              onClick={[Function]}
            >
               
              2
               
            </button>
             
          </td>
          <td
            className="td"
          >
             
            <button
              className="ElementSelected"
              onClick={[Function]}
            >
               
              5
               
            </button>
             
          </td>
          <td
            className="td"
          >
             
            <button
              className="ElementSelected"
              onClick={[Function]}
            >
               
              8
               
            </button>
             
          </td>
          <td
            className="td"
          >
             
            <button
              className="ElementSelected"
              onClick={[Function]}
            >
               
              7
               
            </button>
             
          </td>
          <td
            className="td"
          >
             
            <button
              className="ElementSelected"
              onClick={[Function]}
            >
               
              4
               
            </button>
             
          </td>
          <td
            className="td"
          >
             
            <button
              className="ElementSelected"
              onClick={[Function]}
            >
               
              3
               
            </button>
             
          </td>
          <td
            className="td"
          >
             
            <button
              className="ElementSelected"
              onClick={[Function]}
            >
               
              9
               
            </button>
             
          </td>
          <td
            className="td"
          >
             
            <button
              className="ElementSelected"
              onClick={[Function]}
            >
               
              6
               
            </button>
             
          </td>
          <td
            className="td"
          >
             
            <button
              className="ElementSelected"
              onClick={[Function]}
            >
               
              1
               
            </button>
             
          </td>
        </tr>
      </tbody>
    </table>
  </div>
  <div
    className="Table-Line"
  >
    <table
      className="Table"
    >
      <tbody>
        <tr>
          <td
            className="td"
          >
             
            <button
              className="ElementSelected"
              onClick={[Function]}
            >
               
              6
               
            </button>
             
          </td>
          <td
            className="td"
          >
             
            <button
              className="ElementSelected"
              onClick={[Function]}
            >
               
              7
               
            </button>
             
          </td>
          <td
            className="td"
          >
             
            <button
              className="ElementSelected"
              onClick={[Function]}
            >
               
              1
               
            </button>
             
          </td>
          <td
            className="td"
          >
             
            <button
              className="ElementSelected"
              onClick={[Function]}
            >
               
              5
               
            </button>
             
          </td>
          <td
            className="td"
          >
             
            <button
              className="ElementSelected"
              onClick={[Function]}
            >
               
              9
               
            </button>
             
          </td>
          <td
            className="td"
          >
             
            <button
              className="ElementSelected"
              onClick={[Function]}
            >
               
              8
               
            </button>
             
          </td>
          <td
            className="td"
          >
             
            <button
              className="ElementSelected"
              onClick={[Function]}
            >
               
              2
               
            </button>
             
          </td>
          <td
            className="td"
          >
             
            <button
              className="ElementSelected"
              onClick={[Function]}
            >
               
              3
               
            </button>
             
          </td>
          <td
            className="td"
          >
             
            <button
              className="ElementSelected"
              onClick={[Function]}
            >
               
              4
               
            </button>
             
          </td>
        </tr>
      </tbody>
    </table>
  </div>
  <div
    className="Table-Line"
  >
    <table
      className="Table"
    >
      <tbody>
        <tr>
          <td
            className="td"
          >
             
            <button
              className="ElementSelected"
              onClick={[Function]}
            >
               
              3
               
            </button>
             
          </td>
          <td
            className="td"
          >
             
            <button
              className="ElementSelected"
              onClick={[Function]}
            >
               
              4
               
            </button>
             
          </td>
          <td
            className="td"
          >
             
            <button
              className="ElementSelected"
              onClick={[Function]}
            >
               
              9
               
            </button>
             
          </td>
          <td
            className="td"
          >
             
            <button
              className="ElementSelected"
              onClick={[Function]}
            >
               
              2
               
            </button>
             
          </td>
          <td
            className="td"
          >
             
            <button
              className="ElementSelected"
              onClick={[Function]}
            >
               
              1
               
            </button>
             
          </td>
          <td
            className="td"
          >
             
            <button
              className="ElementSelected"
              onClick={[Function]}
            >
               
              6
               
            </button>
             
          </td>
          <td
            className="td"
          >
             
            <button
              className="ElementSelected"
              onClick={[Function]}
            >
               
              8
               
            </button>
             
          </td>
          <td
            className="td"
          >
             
            <button
              className="ElementSelected"
              onClick={[Function]}
            >
               
              7
               
            </button>
             
          </td>
          <td
            className="td"
          >
             
            <button
              className="ElementSelected"
              onClick={[Function]}
            >
               
              5
               
            </button>
             
          </td>
        </tr>
      </tbody>
    </table>
  </div>
  <div
    className="Table-Line"
  >
    <table
      className="Table"
    >
      <tbody>
        <tr>
          <td
            className="td"
          >
             
            <button
              className="ElementSelected"
              onClick={[Function]}
            >
               
              5
               
            </button>
             
          </td>
          <td
            className="td"
          >
             
            <button
              className="ElementSelected"
              onClick={[Function]}
            >
               
              6
               
            </button>
             
          </td>
          <td
            className="td"
          >
             
            <button
              className="ElementSelected"
              onClick={[Function]}
            >
               
              3
               
            </button>
             
          </td>
          <td
            className="td"
          >
             
            <button
              className="ElementSelected"
              onClick={[Function]}
            >
               
              9
               
            </button>
             
          </td>
          <td
            className="td"
          >
             
            <button
              className="ElementSelected"
              onClick={[Function]}
            >
               
              7
               
            </button>
             
          </td>
          <td
            className="td"
          >
             
            <button
              className="ElementSelected"
              onClick={[Function]}
            >
               
              1
               
            </button>
             
          </td>
          <td
            className="td"
          >
             
            <button
              className="ElementSelected"
              onClick={[Function]}
            >
               
              4
               
            </button>
             
          </td>
          <td
            className="td"
          >
             
            <button
              className="ElementSelected"
              onClick={[Function]}
            >
               
              8
               
            </button>
             
          </td>
          <td
            className="td"
          >
             
            <button
              className="ElementSelected"
              onClick={[Function]}
            >
               
              2
               
            </button>
             
          </td>
        </tr>
      </tbody>
    </table>
  </div>
  <div
    className="Table-Line"
  >
    <table
      className="Table"
    >
      <tbody>
        <tr>
          <td
            className="td"
          >
             
            <button
              className="ElementSelected"
              onClick={[Function]}
            >
               
              1
               
            </button>
             
          </td>
          <td
            className="td"
          >
             
            <button
              className="ElementSelected"
              onClick={[Function]}
            >
               
              8
               
            </button>
             
          </td>
          <td
            className="td"
          >
             
            <button
              className="ElementSelected"
              onClick={[Function]}
            >
               
              2
               
            </button>
             
          </td>
          <td
            className="td"
          >
             
            <button
              className="ElementSelected"
              onClick={[Function]}
            >
               
              3
               
            </button>
             
          </td>
          <td
            className="td"
          >
             
            <button
              className="ElementSelected"
              onClick={[Function]}
            >
               
              5
               
            </button>
             
          </td>
          <td
            className="td"
          >
             
            <button
              className="ElementSelected"
              onClick={[Function]}
            >
               
              4
               
            </button>
             
          </td>
          <td
            className="td"
          >
             
            <button
              className="ElementSelected"
              onClick={[Function]}
            >
               
              7
               
            </button>
             
          </td>
          <td
            className="td"
          >
             
            <button
              className="ElementSelected"
              onClick={[Function]}
            >
               
              9
               
            </button>
             
          </td>
          <td
            className="td"
          >
             
            <button
              className="ElementSelected"
              onClick={[Function]}
            >
               
              6
               
            </button>
             
          </td>
        </tr>
      </tbody>
    </table>
  </div>
  <div
    className="Table-Line"
  >
    <table
      className="Table"
    >
      <tbody>
        <tr>
          <td
            className="td"
          >
             
            <button
              className="ElementSelected"
              onClick={[Function]}
            >
               
              7
               
            </button>
             
          </td>
          <td
            className="td"
          >
             
            <button
              className="ElementSelected"
              onClick={[Function]}
            >
               
              9
               
            </button>
             
          </td>
          <td
            className="td"
          >
             
            <button
              className="ElementSelected"
              onClick={[Function]}
            >
               
              4
               
            </button>
             
          </td>
          <td
            className="td"
          >
             
            <button
              className="ElementSelected"
              onClick={[Function]}
            >
               
              8
               
            </button>
             
          </td>
          <td
            className="td"
          >
             
            <button
              className="ElementSelected"
              onClick={[Function]}
            >
               
              6
               
            </button>
             
          </td>
          <td
            className="td"
          >
             
            <button
              className="ElementSelected"
              onClick={[Function]}
            >
               
              2
               
            </button>
             
          </td>
          <td
            className="td"
          >
             
            <button
              className="ElementSelected"
              onClick={[Function]}
            >
               
              1
               
            </button>
             
          </td>
          <td
            className="td"
          >
             
            <button
              className="ElementSelected"
              onClick={[Function]}
            >
               
              5
               
            </button>
             
          </td>
          <td
            className="td"
          >
             
            <button
              className="ElementSelected"
              onClick={[Function]}
            >
               
              3
               
            </button>
             
          </td>
        </tr>
      </tbody>
    </table>
  </div>
  <div
    className="Table-Line"
  >
    <table
      className="Table"
    >
      <tbody>
        <tr>
          <td
            className="td"
          >
             
            <button
              className="ElementSelected"
              onClick={[Function]}
            >
               
              4
               
            </button>
             
          </td>
          <td
            className="td"
          >
             
            <button
              className="ElementSelected"
              onClick={[Function]}
            >
               
              1
               
            </button>
             
          </td>
          <td
            className="td"
          >
             
            <button
              className="ElementSelected"
              onClick={[Function]}
            >
               
              7
               
            </button>
             
          </td>
          <td
            className="td"
          >
             
            <button
              className="ElementSelected"
              onClick={[Function]}
            >
               
              6
               
            </button>
             
          </td>
          <td
            className="td"
          >
             
            <button
              className="ElementSelected"
              onClick={[Function]}
            >
               
              8
               
            </button>
             
          </td>
          <td
            className="td"
          >
             
            <button
              className="ElementSelected"
              onClick={[Function]}
            >
               
              5
               
            </button>
             
          </td>
          <td
            className="td"
          >
             
            <button
              className="ElementSelected"
              onClick={[Function]}
            >
               
              3
               
            </button>
             
          </td>
          <td
            className="td"
          >
             
            <button
              className="ElementSelected"
              onClick={[Function]}
            >
               
              2
               
            </button>
             
          </td>
          <td
            className="td"
          >
             
            <button
              className="ElementSelected"
              onClick={[Function]}
            >
               
              9
               
            </button>
             
          </td>
        </tr>
      </tbody>
    </table>
  </div>
  <div
    className="Table-Line"
  >
    <table
      className="Table"
    >
      <tbody>
        <tr>
          <td
            className="td"
          >
             
            <button
              className="ElementSelected"
              onClick={[Function]}
            >
               
              9
               
            </button>
             
          </td>
          <td
            className="td"
          >
             
            <button
              className="ElementSelected"
              onClick={[Function]}
            >
               
              3
               
            </button>
             
          </td>
          <td
            className="td"
          >
             
            <button
              className="ElementSelected"
              onClick={[Function]}
            >
               
              6
               
            </button>
             
          </td>
          <td
            className="td"
          >
             
            <button
              className="ElementSelected"
              onClick={[Function]}
            >
               
              1
               
            </button>
             
          </td>
          <td
            className="td"
          >
             
            <button
              className="ElementSelected"
              onClick={[Function]}
            >
               
              2
               
            </button>
             
          </td>
          <td
            className="td"
          >
             
            <button
              className="ElementSelected"
              onClick={[Function]}
            >
               
              7
               
            </button>
             
          </td>
          <td
            className="td"
          >
             
            <button
              className="ElementSelected"
              onClick={[Function]}
            >
               
              5
               
            </button>
             
          </td>
          <td
            className="td"
          >
             
            <button
              className="ElementSelected"
              onClick={[Function]}
            >
               
              4
               
            </button>
             
          </td>
          <td
            className="td"
          >
             
            <button
              className="ElementSelected"
              onClick={[Function]}
            >
               
              8
               
            </button>
             
          </td>
        </tr>
      </tbody>
    </table>
  </div>
  <div
    className="Table-Line"
  >
    <table
      className="Table"
    >
      <tbody>
        <tr>
          <td
            className="td"
          >
             
            <button
              className="ElementSelected"
              onClick={[Function]}
            >
               
              8
               
            </button>
             
          </td>
          <td
            className="td"
          >
             
            <button
              className="ElementSelected"
              onClick={[Function]}
            >
               
              2
               
            </button>
             
          </td>
          <td
            className="td"
          >
             
            <button
              className="ElementSelected"
              onClick={[Function]}
            >
               
              5
               
            </button>
             
          </td>
          <td
            className="td"
          >
             
            <button
              className="ElementSelected"
              onClick={[Function]}
            >
               
              4
               
            </button>
             
          </td>
          <td
            className="td"
          >
             
            <button
              className="ElementSelected"
              onClick={[Function]}
            >
               
              3
               
            </button>
             
          </td>
          <td
            className="td"
          >
             
            <button
              className="ElementSelected"
              onClick={[Function]}
            >
               
              9
               
            </button>
             
          </td>
          <td
            className="td"
          >
             
            <button
              className="ElementSelected"
              onClick={[Function]}
            >
               
              6
               
            </button>
             
          </td>
          <td
            className="td"
          >
             
            <button
              className="ElementSelected"
              onClick={[Function]}
            >
               
              1
               
            </button>
             
          </td>
          <td
            className="td"
          >
             
            <button
              className="ElementSelected"
              onClick={[Function]}
            >
               
              7
               
            </button>
             
          </td>
        </tr>
      </tbody>
    </table>
  </div>
</div>
`;

exports[`Test suit for SudokuComponent render correctly render 1`] = `
<div
  class="sudoku-numbers"
>
  <div
    class="Table-Line"
  >
    <table
      class="Table"
    >
      <tbody>
        <tr>
          <td
            class="td"
          >
             
            <button
              class="ElementSelected"
            >
               2 
            </button>
             
          </td>
          <td
            class="td"
          >
             
            <button
              class="ElementSelected"
            >
               5 
            </button>
             
          </td>
          <td
            class="td"
          >
             
            <button
              class="ElementSelected"
            >
               8 
            </button>
             
          </td>
          <td
            class="td"
          >
             
            <button
              class="ElementSelected"
            >
               7 
            </button>
             
          </td>
          <td
            class="td"
          >
             
            <button
              class="ElementSelected"
            >
               4 
            </button>
             
          </td>
          <td
            class="td"
          >
             
            <button
              class="ElementSelected"
            >
               3 
            </button>
             
          </td>
          <td
            class="td"
          >
             
            <button
              class="ElementSelected"
            >
               9 
            </button>
             
          </td>
          <td
            class="td"
          >
             
            <button
              class="ElementSelected"
            >
               6 
            </button>
             
          </td>
          <td
            class="td"
          >
             
            <button
              class="ElementSelected"
            >
               1 
            </button>
             
          </td>
        </tr>
      </tbody>
    </table>
  </div>
  <div
    class="Table-Line"
  >
    <table
      class="Table"
    >
      <tbody>
        <tr>
          <td
            class="td"
          >
             
            <button
              class="ElementSelected"
            >
               6 
            </button>
             
          </td>
          <td
            class="td"
          >
             
            <button
              class="ElementSelected"
            >
               7 
            </button>
             
          </td>
          <td
            class="td"
          >
             
            <button
              class="ElementSelected"
            >
               1 
            </button>
             
          </td>
          <td
            class="td"
          >
             
            <button
              class="ElementSelected"
            >
               5 
            </button>
             
          </td>
          <td
            class="td"
          >
             
            <button
              class="ElementSelected"
            >
               9 
            </button>
             
          </td>
          <td
            class="td"
          >
             
            <button
              class="ElementSelected"
            >
               8 
            </button>
             
          </td>
          <td
            class="td"
          >
             
            <button
              class="ElementSelected"
            >
               2 
            </button>
             
          </td>
          <td
            class="td"
          >
             
            <button
              class="ElementSelected"
            >
               3 
            </button>
             
          </td>
          <td
            class="td"
          >
             
            <button
              class="ElementSelected"
            >
               4 
            </button>
             
          </td>
        </tr>
      </tbody>
    </table>
  </div>
  <div
    class="Table-Line"
  >
    <table
      class="Table"
    >
      <tbody>
        <tr>
          <td
            class="td"
          >
             
            <button
              class="ElementSelected"
            >
               3 
            </button>
             
          </td>
          <td
            class="td"
          >
             
            <button
              class="ElementSelected"
            >
               4 
            </button>
             
          </td>
          <td
            class="td"
          >
             
            <button
              class="ElementSelected"
            >
               9 
            </button>
             
          </td>
          <td
            class="td"
          >
             
            <button
              class="ElementSelected"
            >
               2 
            </button>
             
          </td>
          <td
            class="td"
          >
             
            <button
              class="ElementSelected"
            >
               1 
            </button>
             
          </td>
          <td
            class="td"
          >
             
            <button
              class="ElementSelected"
            >
               6 
            </button>
             
          </td>
          <td
            class="td"
          >
             
            <button
              class="ElementSelected"
            >
               8 
            </button>
             
          </td>
          <td
            class="td"
          >
             
            <button
              class="ElementSelected"
            >
               7 
            </button>
             
          </td>
          <td
            class="td"
          >
             
            <button
              class="ElementSelected"
            >
               5 
            </button>
             
          </td>
        </tr>
      </tbody>
    </table>
  </div>
  <div
    class="Table-Line"
  >
    <table
      class="Table"
    >
      <tbody>
        <tr>
          <td
            class="td"
          >
             
            <button
              class="ElementSelected"
            >
               5 
            </button>
             
          </td>
          <td
            class="td"
          >
             
            <button
              class="ElementSelected"
            >
               6 
            </button>
             
          </td>
          <td
            class="td"
          >
             
            <button
              class="ElementSelected"
            >
               3 
            </button>
             
          </td>
          <td
            class="td"
          >
             
            <button
              class="ElementSelected"
            >
               9 
            </button>
             
          </td>
          <td
            class="td"
          >
             
            <button
              class="ElementSelected"
            >
               7 
            </button>
             
          </td>
          <td
            class="td"
          >
             
            <button
              class="ElementSelected"
            >
               1 
            </button>
             
          </td>
          <td
            class="td"
          >
             
            <button
              class="ElementSelected"
            >
               4 
            </button>
             
          </td>
          <td
            class="td"
          >
             
            <button
              class="ElementSelected"
            >
               8 
            </button>
             
          </td>
          <td
            class="td"
          >
             
            <button
              class="ElementSelected"
            >
               2 
            </button>
             
          </td>
        </tr>
      </tbody>
    </table>
  </div>
  <div
    class="Table-Line"
  >
    <table
      class="Table"
    >
      <tbody>
        <tr>
          <td
            class="td"
          >
             
            <button
              class="ElementSelected"
            >
               1 
            </button>
             
          </td>
          <td
            class="td"
          >
             
            <button
              class="ElementSelected"
            >
               8 
            </button>
             
          </td>
          <td
            class="td"
          >
             
            <button
              class="ElementSelected"
            >
               2 
            </button>
             
          </td>
          <td
            class="td"
          >
             
            <button
              class="ElementSelected"
            >
               3 
            </button>
             
          </td>
          <td
            class="td"
          >
             
            <button
              class="ElementSelected"
            >
               5 
            </button>
             
          </td>
          <td
            class="td"
          >
             
            <button
              class="ElementSelected"
            >
               4 
            </button>
             
          </td>
          <td
            class="td"
          >
             
            <button
              class="ElementSelected"
            >
               7 
            </button>
             
          </td>
          <td
            class="td"
          >
             
            <button
              class="ElementSelected"
            >
               9 
            </button>
             
          </td>
          <td
            class="td"
          >
             
            <button
              class="ElementSelected"
            >
               6 
            </button>
             
          </td>
        </tr>
      </tbody>
    </table>
  </div>
  <div
    class="Table-Line"
  >
    <table
      class="Table"
    >
      <tbody>
        <tr>
          <td
            class="td"
          >
             
            <button
              class="ElementSelected"
            >
               7 
            </button>
             
          </td>
          <td
            class="td"
          >
             
            <button
              class="ElementSelected"
            >
               9 
            </button>
             
          </td>
          <td
            class="td"
          >
             
            <button
              class="ElementSelected"
            >
               4 
            </button>
             
          </td>
          <td
            class="td"
          >
             
            <button
              class="ElementSelected"
            >
               8 
            </button>
             
          </td>
          <td
            class="td"
          >
             
            <button
              class="ElementSelected"
            >
               6 
            </button>
             
          </td>
          <td
            class="td"
          >
             
            <button
              class="ElementSelected"
            >
               2 
            </button>
             
          </td>
          <td
            class="td"
          >
             
            <button
              class="ElementSelected"
            >
               1 
            </button>
             
          </td>
          <td
            class="td"
          >
             
            <button
              class="ElementSelected"
            >
               5 
            </button>
             
          </td>
          <td
            class="td"
          >
             
            <button
              class="ElementSelected"
            >
               3 
            </button>
             
          </td>
        </tr>
      </tbody>
    </table>
  </div>
  <div
    class="Table-Line"
  >
    <table
      class="Table"
    >
      <tbody>
        <tr>
          <td
            class="td"
          >
             
            <button
              class="ElementSelected"
            >
               4 
            </button>
             
          </td>
          <td
            class="td"
          >
             
            <button
              class="ElementSelected"
            >
               1 
            </button>
             
          </td>
          <td
            class="td"
          >
             
            <button
              class="ElementSelected"
            >
               7 
            </button>
             
          </td>
          <td
            class="td"
          >
             
            <button
              class="ElementSelected"
            >
               6 
            </button>
             
          </td>
          <td
            class="td"
          >
             
            <button
              class="ElementSelected"
            >
               8 
            </button>
             
          </td>
          <td
            class="td"
          >
             
            <button
              class="ElementSelected"
            >
               5 
            </button>
             
          </td>
          <td
            class="td"
          >
             
            <button
              class="ElementSelected"
            >
               3 
            </button>
             
          </td>
          <td
            class="td"
          >
             
            <button
              class="ElementSelected"
            >
               2 
            </button>
             
          </td>
          <td
            class="td"
          >
             
            <button
              class="ElementSelected"
            >
               9 
            </button>
             
          </td>
        </tr>
      </tbody>
    </table>
  </div>
  <div
    class="Table-Line"
  >
    <table
      class="Table"
    >
      <tbody>
        <tr>
          <td
            class="td"
          >
             
            <button
              class="ElementSelected"
            >
               9 
            </button>
             
          </td>
          <td
            class="td"
          >
             
            <button
              class="ElementSelected"
            >
               3 
            </button>
             
          </td>
          <td
            class="td"
          >
             
            <button
              class="ElementSelected"
            >
               6 
            </button>
             
          </td>
          <td
            class="td"
          >
             
            <button
              class="ElementSelected"
            >
               1 
            </button>
             
          </td>
          <td
            class="td"
          >
             
            <button
              class="ElementSelected"
            >
               2 
            </button>
             
          </td>
          <td
            class="td"
          >
             
            <button
              class="ElementSelected"
            >
               7 
            </button>
             
          </td>
          <td
            class="td"
          >
             
            <button
              class="ElementSelected"
            >
               5 
            </button>
             
          </td>
          <td
            class="td"
          >
             
            <button
              class="ElementSelected"
            >
               4 
            </button>
             
          </td>
          <td
            class="td"
          >
             
            <button
              class="ElementSelected"
            >
               8 
            </button>
             
          </td>
        </tr>
      </tbody>
    </table>
  </div>
  <div
    class="Table-Line"
  >
    <table
      class="Table"
    >
      <tbody>
        <tr>
          <td
            class="td"
          >
             
            <button
              class="ElementSelected"
            >
               8 
            </button>
             
          </td>
          <td
            class="td"
          >
             
            <button
              class="ElementSelected"
            >
               2 
            </button>
             
          </td>
          <td
            class="td"
          >
             
            <button
              class="ElementSelected"
            >
               5 
            </button>
             
          </td>
          <td
            class="td"
          >
             
            <button
              class="ElementSelected"
            >
               4 
            </button>
             
          </td>
          <td
            class="td"
          >
             
            <button
              class="ElementSelected"
            >
               3 
            </button>
             
          </td>
          <td
            class="td"
          >
             
            <button
              class="ElementSelected"
            >
               9 
            </button>
             
          </td>
          <td
            class="td"
          >
             
            <button
              class="ElementSelected"
            >
               6 
            </button>
             
          </td>
          <td
            class="td"
          >
             
            <button
              class="ElementSelected"
            >
               1 
            </button>
             
          </td>
          <td
            class="td"
          >
             
            <button
              class="ElementSelected"
            >
               7 
            </button>
             
          </td>
        </tr>
      </tbody>
    </table>
  </div>
</div>
`;

exports[`Test suit for SudokuComponent render correctly shallow 1`] = `
<div
  className="sudoku-numbers"
>
  <SudokuLineComponent
    dataLine={
      Array [
        2,
        5,
        8,
        7,
        4,
        3,
        9,
        6,
        1,
      ]
    }
    row={1}
    toggledNumber={[Function]}
  />
  <SudokuLineComponent
    dataLine={
      Array [
        6,
        7,
        1,
        5,
        9,
        8,
        2,
        3,
        4,
      ]
    }
    row={2}
    toggledNumber={[Function]}
  />
  <SudokuLineComponent
    dataLine={
      Array [
        3,
        4,
        9,
        2,
        1,
        6,
        8,
        7,
        5,
      ]
    }
    row={3}
    toggledNumber={[Function]}
  />
  <SudokuLineComponent
    dataLine={
      Array [
        5,
        6,
        3,
        9,
        7,
        1,
        4,
        8,
        2,
      ]
    }
    row={4}
    toggledNumber={[Function]}
  />
  <SudokuLineComponent
    dataLine={
      Array [
        1,
        8,
        2,
        3,
        5,
        4,
        7,
        9,
        6,
      ]
    }
    row={5}
    toggledNumber={[Function]}
  />
  <SudokuLineComponent
    dataLine={
      Array [
        7,
        9,
        4,
        8,
        6,
        2,
        1,
        5,
        3,
      ]
    }
    row={6}
    toggledNumber={[Function]}
  />
  <SudokuLineComponent
    dataLine={
      Array [
        4,
        1,
        7,
        6,
        8,
        5,
        3,
        2,
        9,
      ]
    }
    row={7}
    toggledNumber={[Function]}
  />
  <SudokuLineComponent
    dataLine={
      Array [
        9,
        3,
        6,
        1,
        2,
        7,
        5,
        4,
        8,
      ]
    }
    row={8}
    toggledNumber={[Function]}
  />
  <SudokuLineComponent
    dataLine={
      Array [
        8,
        2,
        5,
        4,
        3,
        9,
        6,
        1,
        7,
      ]
    }
    row={9}
    toggledNumber={[Function]}
  />
</div>
`;
